// Jest Snapshot v1, https://goo.gl/fbAQLP

exports[`renders <RegularText /> correctly 1`] = `
<Text
  style={
    Array [
      Object {
        "color": "#21386E",
        "fontFamily": "Inter_400Regular",
        "fontSize": 14,
        "lineHeight": 17,
      },
    ]
  }
>
  Pokemon
</Text>
`;
