// Jest Snapshot v1, https://goo.gl/fbAQLP

exports[`renders <Home /> correctly 1`] = `
<View
  style={
    Array [
      Object {
        "backgroundColor": "#FFFFFF",
        "flexBasis": 0,
        "flexGrow": 1,
        "flexShrink": 1,
      },
    ]
  }
>
  <View
    style={
      Array [
        Object {
          "alignItems": "center",
          "backgroundColor": "#21386E",
          "borderBottomLeftRadius": 15,
          "borderBottomRightRadius": 15,
          "height": 75,
          "justifyContent": "center",
          "width": "100%",
        },
      ]
    }
  >
    <Image
      source={1}
    />
  </View>
  <View
    style={
      Array [
        Object {
          "backgroundColor": "#FFFFFF",
          "flexBasis": 0,
          "flexGrow": 1,
          "flexShrink": 1,
          "marginLeft": 15,
          "marginRight": 15,
          "marginTop": 20,
        },
      ]
    }
  >
    <Text
      style={
        Array [
          Object {
            "color": "#21386E",
            "fontFamily": "Inter_700Bold",
            "fontSize": 20,
            "letterSpacing": 0,
            "lineHeight": 24,
            "textAlign": "left",
          },
        ]
      }
    >
      More than 250 Pokemons for you to choose your favorite
    </Text>
  </View>
</View>
`;
