// Jest Snapshot v1, https://goo.gl/fbAQLP

exports[`renders <Title /> correctly 1`] = `
<Text
  style={
    Array [
      Object {
        "color": "#21386E",
        "fontFamily": "Inter_700Bold",
        "fontSize": 20,
        "letterSpacing": 0,
        "lineHeight": 24,
        "textAlign": "left",
      },
    ]
  }
>
  Pokemon
</Text>
`;
